
> portavi@1.0.0 build
> next build

   ▲ Next.js 15.3.2
   - Environments: .env.local, .env

   Creating an optimized production build ...
 ✓ Compiled successfully in 13.0s
   Linting and checking validity of types ...
